Microchip MPLAB XC8 Compiler V2.41

Linker command line:

--edf=C:\Program Files\Microchip\xc8\v2.41\pic\dat\20230208172133_en.msgs \
  -cn -h+pic18F4580.sym --cmf=pic18F4580.cmf -z -Q18F4580 \
  -oC:\Users\sajit\AppData\Local\Temp\xcAs3og.\driver_tmp_3.obj \
  -Mpic18F4580.map \
  --md=C:\Users\sajit\AppData\Local\Temp\xcAs3og.\driver_tmp_0.dat \
  -ver=XC8 Compiler -ACODE=00h-03000h -ACONST=00h-03000h \
  -ASMALLCONST=0600h-06FFhx42,03000h-03000h -AMEDIUMCONST=0600h-03000h \
  -ACOMRAM=01h-05Fh -AABS1=00h-05FFh -ABIGRAM=01h-05FFh \
  -ARAM=060h-0FFh,0100h-01FFhx5 -ABANK0=060h-0FFh -ABANK1=0100h-01FFh \
  -ABANK2=0200h-02FFh -ABANK3=0300h-03FFh -ABANK4=0400h-04FFh \
  -ABANK5=0500h-05FFh -ASFR=0D00h-0DFFhx2,0F00h-0F5Fh,0F60h-0FFFh \
  -ABIGSFR=0D00h-0FFFh -ACONFIG=0300000h-030000Dh -AIDLOC=0200000h-0200007h \
  -AEEDATA=0F00000h-0F000FFh -peeprom_data=EEDATA \
  -preset_vec=00h,intcode,intcodelo,powerup,init -pramtop=0600h \
  -psmallconst=SMALLCONST -pmediumconst=MEDIUMCONST -pconst=CONST \
  -AFARRAM=00h-00h \
  -prdata=COMRAM,nvrram=COMRAM,nvbit=COMRAM,rbss=COMRAM,rbit=COMRAM \
  -pfarbss=FARRAM,fardata=FARRAM,nvFARRAM=FARRAM \
  -pintsave_regs=BIGRAM,bigbss=BIGRAM,bigdata=BIGRAM -pbss=RAM \
  -pidata=CODE,irdata=CODE,ibigdata=CODE,ifardata=CODE -prparam=COMRAM \
  startup.obj pic18F4580.obj 

Object code version is 3.11

Machine type is 18F4580



                Name                               Link     Load   Length Selector   Space Scale
startup.obj     init                                  0        0        4        0       0
pic18F4580.obj  mediumconst                        2EDA     2EDA      126     176D       0
                text46                             1478     1478       28      A3C       0
                text45                             17CE     17CE       60      BE7       0
                text44                             13FE     13FE       18      9FF       0
                text43                             1368     1368        6      9B4       0
                text42                             1376     1376        8      9BB       0
                text41                             137E     137E        8      9BF       0
                text40                             139E     139E        C      9CF       0
                text39                             1386     1386        8      9C3       0
                text38                             138E     138E        8      9C7       0
                text37                             1396     1396        8      9CB       0
                text36                             13AA     13AA        C      9D5       0
                text35                             14A0     14A0       2A      A50       0
                text34                             1900     1900       78      C80       0
                text33                             15D8     15D8       3E      AEC       0
                text32                             23BA     23BA      1F0     11DD       0
                text31                             1A98     1A98       AE      D4C       0
                text30                             1DB4     1DB4       E6      EDA       0
                text29                             1E9A     1E9A       F4      F4D       0
                text28                             1C02     1C02       D2      E01       0
                text27                             1720     1720       52      B90       0
                text26                             1654     1654       42      B2A       0
                text25                             1454     1454       24      A2A       0
                text24                             1560     1560       3C      AB0       0
                text23                             19FC     19FC       9C      CFE       0
                text22                             14CA     14CA       2A      A65       0
                text21                             1772     1772       5C      BB9       0
                text20                             159C     159C       3C      ACE       0
                text19                             14F4     14F4       36      A7A       0
                text18                             25AA     25AA      21E     12D5       0
                text17                             13B6     13B6        C      9DB       0
                text16                             1B46     1B46       BC      DA3       0
                text15                             1978     1978       84      CBC       0
                text14                             1890     1890       70      C48       0
                text13                             1416     1416       1E      A0B       0
                text12                             2AE0     2AE0      3FA     1570       0
                text11                             21D0     21D0      1EA     10E8       0
                text10                             1F8E     1F8E      10C      FC7       0
                text9                              1CD4     1CD4       E0      E6A       0
                text8                              27C8     27C8      318     13E4       0
                text7                              1434     1434       20      A1A       0
                text6                              152A     152A       36      A95       0
                text5                              16D8     16D8       48      B6C       0
                text4                              13E8     13E8       16      9F4       0
                text3                              13C2     13C2       12      9E1       0
                text2                              1616     1616       3E      B0B       0
                text1                              1696     1696       42      B4B       0
                text0                              209A     209A      136     104D       0
                cstackCOMRAM                          1        1       3A        1       1
                dataBANK0                            78       78       13       60       1
                bssBANK0                             60       60       18       60       1
                dataCOMRAM                           58       58        7        1       1
                bssCOMRAM                            3B       3B       1D        1       1
                cinit                              182E     182E       62      C17       0
                idataBANK0                         13D5     13D5       13     13D5       0
                idataCOMRAM                        136F     136F        7     136F       0

TOTAL           Name                               Link     Load   Length     Space
        CLASS   CODE           
                init                                  0        0        4         0
                text46                             1478     1478       28         0
                text45                             17CE     17CE       60         0
                text44                             13FE     13FE       18         0
                text43                             1368     1368        6         0
                text42                             1376     1376        8         0
                text41                             137E     137E        8         0
                text40                             139E     139E        C         0
                text39                             1386     1386        8         0
                text38                             138E     138E        8         0
                text37                             1396     1396        8         0
                text36                             13AA     13AA        C         0
                text35                             14A0     14A0       2A         0
                text34                             1900     1900       78         0
                text33                             15D8     15D8       3E         0
                text32                             23BA     23BA      1F0         0
                text31                             1A98     1A98       AE         0
                text30                             1DB4     1DB4       E6         0
                text29                             1E9A     1E9A       F4         0
                text28                             1C02     1C02       D2         0
                text27                             1720     1720       52         0
                text26                             1654     1654       42         0
                text25                             1454     1454       24         0
                text24                             1560     1560       3C         0
                text23                             19FC     19FC       9C         0
                text22                             14CA     14CA       2A         0
                text21                             1772     1772       5C         0
                text20                             159C     159C       3C         0
                text19                             14F4     14F4       36         0
                text18                             25AA     25AA      21E         0
                text17                             13B6     13B6        C         0
                text16                             1B46     1B46       BC         0
                text15                             1978     1978       84         0
                text14                             1890     1890       70         0
                text13                             1416     1416       1E         0
                text12                             2AE0     2AE0      3FA         0
                text11                             21D0     21D0      1EA         0
                text10                             1F8E     1F8E      10C         0
                text9                              1CD4     1CD4       E0         0
                text8                              27C8     27C8      318         0
                text7                              1434     1434       20         0
                text6                              152A     152A       36         0
                text5                              16D8     16D8       48         0
                text4                              13E8     13E8       16         0
                text3                              13C2     13C2       12         0
                text2                              1616     1616       3E         0
                text1                              1696     1696       42         0
                text0                              209A     209A      136         0
                cinit                              182E     182E       62         0
                idataBANK0                         13D5     13D5       13         0
                idataCOMRAM                        136F     136F        7         0

        CLASS   CONST          

        CLASS   SMALLCONST     

        CLASS   MEDIUMCONST    
                mediumconst                        2EDA     2EDA      126         0

        CLASS   COMRAM         
                cstackCOMRAM                          1        1       3A         1
                dataCOMRAM                           58       58        7         1
                bssCOMRAM                            3B       3B       1D         1

        CLASS   ABS1           

        CLASS   BIGRAM         

        CLASS   RAM            

        CLASS   BANK0          
                dataBANK0                            78       78       13         1
                bssBANK0                             60       60       18         1

        CLASS   BANK1          

        CLASS   BANK2          

        CLASS   BANK3          

        CLASS   BANK4          

        CLASS   BANK5          

        CLASS   SFR            

        CLASS   BIGSFR         

        CLASS   CONFIG         

        CLASS   IDLOC          

        CLASS   EEDATA         

        CLASS   FARRAM         

        CLASS   HEAP           

        CLASS   STACK          



SEGMENTS        Name                           Load    Length   Top    Selector   Space  Class

                reset_vec                      000000  000004  000004         0       0  CODE    
                cstackCOMRAM                   000001  00005E  00005F         1       1  COMRAM  
                bssBANK0                       000060  00002B  00008B        60       1  BANK0   
                text43                         001368  000006  00136E       9B4       0  CODE    
                idataCOMRAM                    00136F  000007  001376      136F       0  CODE    
                text42                         001376  000008  00137E       9BB       0  CODE    
                text41                         00137E  000008  001386       9BF       0  CODE    
                text39                         001386  000008  00138E       9C3       0  CODE    
                text38                         00138E  000008  001396       9C7       0  CODE    
                text37                         001396  000008  00139E       9CB       0  CODE    
                text40                         00139E  00000C  0013AA       9CF       0  CODE    
                text36                         0013AA  00000C  0013B6       9D5       0  CODE    
                text17                         0013B6  00000C  0013C2       9DB       0  CODE    
                text3                          0013C2  000012  0013D4       9E1       0  CODE    
                idataBANK0                     0013D5  000013  0013E8      13D5       0  CODE    
                text4                          0013E8  000016  0013FE       9F4       0  CODE    
                text44                         0013FE  000018  001416       9FF       0  CODE    
                text13                         001416  00001E  001434       A0B       0  CODE    
                text7                          001434  000020  001454       A1A       0  CODE    
                text25                         001454  000024  001478       A2A       0  CODE    
                text46                         001478  000028  0014A0       A3C       0  CODE    
                text35                         0014A0  00002A  0014CA       A50       0  CODE    
                text22                         0014CA  00002A  0014F4       A65       0  CODE    
                text19                         0014F4  000036  00152A       A7A       0  CODE    
                text6                          00152A  000036  001560       A95       0  CODE    
                text24                         001560  00003C  00159C       AB0       0  CODE    
                text20                         00159C  00003C  0015D8       ACE       0  CODE    
                text33                         0015D8  00003E  001616       AEC       0  CODE    
                text2                          001616  00003E  001654       B0B       0  CODE    
                text26                         001654  000042  001696       B2A       0  CODE    
                text1                          001696  000042  0016D8       B4B       0  CODE    
                text5                          0016D8  000048  001720       B6C       0  CODE    
                text27                         001720  000052  001772       B90       0  CODE    
                text21                         001772  00005C  0017CE       BB9       0  CODE    
                text45                         0017CE  000060  00182E       BE7       0  CODE    
                cinit                          00182E  000062  001890       C17       0  CODE    
                text14                         001890  000070  001900       C48       0  CODE    
                text34                         001900  000078  001978       C80       0  CODE    
                text15                         001978  000084  0019FC       CBC       0  CODE    
                text23                         0019FC  00009C  001A98       CFE       0  CODE    
                text31                         001A98  0000AE  001B46       D4C       0  CODE    
                text16                         001B46  0000BC  001C02       DA3       0  CODE    
                text28                         001C02  0000D2  001CD4       E01       0  CODE    
                text9                          001CD4  0000E0  001DB4       E6A       0  CODE    
                text30                         001DB4  0000E6  001E9A       EDA       0  CODE    
                text29                         001E9A  0000F4  001F8E       F4D       0  CODE    
                text10                         001F8E  00010C  00209A       FC7       0  CODE    
                text0                          00209A  000136  0021D0      104D       0  CODE    
                text11                         0021D0  0001EA  0023BA      10E8       0  CODE    
                text32                         0023BA  0001F0  0025AA      11DD       0  CODE    
                text18                         0025AA  00021E  0027C8      12D5       0  CODE    
                text8                          0027C8  000318  002AE0      13E4       0  CODE    
                text12                         002AE0  0003FA  002EDA      1570       0  CODE    
                mediumconst                    002EDA  000126  003000      176D       0  MEDIUMCO


UNUSED ADDRESS RANGES

        Name                Unused          Largest block    Delta
        BANK0            008B-00FF             75
        BANK1            0100-01FF            100
        BANK2            0200-02FF            100
        BANK3            0300-03FF            100
        BANK4            0400-04FF            100
        BANK5            0500-05FF            100
        BIGRAM           005F-005F              1
                         008B-05FF            575
        BIGSFR           0D00-0FFF            300
        CODE             0004-1367           1364
                         136E-136E              1
                         13D4-13D4              1
                         3000-3000              1
        COMRAM           005F-005F              1
        CONFIG           300000-30000D              E
        CONST            0004-1367           1364
                         136E-136E              1
                         13D4-13D4              1
                         3000-3000              1
        EEDATA           F00000-F000FF            100
        IDLOC            200000-200007              8
        MEDIUMCONST      0600-1367            D68
                         136E-136E              1
                         13D4-13D4              1
                         3000-3000              1
        RAM              008B-05FF            100
        SFR              0D00-0FFF            100
        SMALLCONST       0600-1367            100
                         136E-136E              1
                         13D4-13D4              1
                         3000-3000              1

                                  Symbol Table

?___awdiv                      cstackCOMRAM 0001
?___awmod                      cstackCOMRAM 0001
?___ftdiv                      cstackCOMRAM 000C
?___ftmul                      cstackCOMRAM 001B
?___ftpack                     cstackCOMRAM 0001
?___fttol                      cstackCOMRAM 002A
?___lwdiv                      cstackCOMRAM 0001
?___lwmod                      cstackCOMRAM 0001
?___lwtoft                     cstackCOMRAM 0009
?_read_adc                     cstackCOMRAM 0001
_ABDEN                         (abs)        7DC0
_ABDOVF                        (abs)        7DC7
_ACKDT                         (abs)        7E2D
_ACKEN                         (abs)        7E2C
_ACKSTAT                       (abs)        7E2E
_ACQT0                         (abs)        7E03
_ACQT1                         (abs)        7E04
_ACQT2                         (abs)        7E05
_ADCON0                        (abs)        0FC2
_ADCON1                        (abs)        0FC1
_ADCS0                         (abs)        7E00
_ADCS1                         (abs)        7E01
_ADCS2                         (abs)        7E02
_ADDEN                         (abs)        7D5B
_ADFM                          (abs)        7E07
_ADON                          (abs)        7E10
_ADRESH                        (abs)        0FC4
_ADRESL                        (abs)        0FC3
_BCLIF                         (abs)        7D0B
_BRG16                         (abs)        7DC3
_BRGH                          (abs)        7D62
_CKE                           (abs)        7E3E
_CREN                          (abs)        7D5C
_CSRC                          (abs)        7D67
_FERR                          (abs)        7D5A
_GO                            (abs)        7E11
_GODONE                        (abs)        7E11
_OERR                          (abs)        7D59
_PEN                           (abs)        7E2A
_PORTB                         (abs)        0F81
_PORTBbits                     (abs)        0F81
_PORTCbits                     (abs)        0F82
_PORTD                         (abs)        0F83
_PORTDbits                     (abs)        0F83
_RBPU                          (abs)        7F8F
_RCEN                          (abs)        7E2B
_RCIDL                         (abs)        7DC6
_RCIE                          (abs)        7CED
_RCIF                          (abs)        7CF5
_RCREG                         (abs)        0FAE
_RSEN                          (abs)        7E29
_RX9                           (abs)        7D5E
_RX9D                          (abs)        7D58
_SCKP                          (abs)        7DC4
_SEN                           (abs)        7E28
_SENDB                         (abs)        7D63
_SMP                           (abs)        7E3F
_SPBRG                         (abs)        0FAF
_SPEN                          (abs)        7D5F
_SREN                          (abs)        7D5D
_SSPADD                        (abs)        0FC8
_SSPBUF                        (abs)        0FC9
_SSPCON1                       (abs)        0FC6
_SSPIF                         (abs)        7CF3
_SYNC                          (abs)        7D64
_TRISB                         (abs)        0F93
_TRISC                         (abs)        0F94
_TRISC3                        (abs)        7CA3
_TRISC4                        (abs)        7CA4
_TRISC6                        (abs)        7CA6
_TRISC7                        (abs)        7CA7
_TRISD                         (abs)        0F95
_TRISD7                        (abs)        7CAF
_TRMT                          (abs)        7D61
_TX9                           (abs)        7D66
_TX9D                          (abs)        7D60
_TXEN                          (abs)        7D65
_TXIE                          (abs)        7CEC
_TXIF                          (abs)        7CF4
_TXREG                         (abs)        0FAD
_VCFG0                         (abs)        7E0C
_VCFG1                         (abs)        7E0D
_WUE                           (abs)        7DC1
__HRAM                         (abs)        0000
__H__absolute__                __absolute__ 0000
__Habs1                        abs1         0000
__Hbank0                       bank0        0000
__Hbank1                       bank1        0000
__Hbank2                       bank2        0000
__Hbank3                       bank3        0000
__Hbank4                       bank4        0000
__Hbank5                       bank5        0000
__Hbigbss                      bigbss       0000
__Hbigdata                     bigdata      0000
__Hbigram                      bigram       0000
__Hbigsfr                      bigsfr       0000
__Hbss                         bss          0000
__HbssBANK0                    bssBANK0     0000
__HbssCOMRAM                   bssCOMRAM    0000
__Hcinit                       cinit        0000
__Hclrtext                     clrtext      0000
__Hcomram                      comram       0000
__Hconfig                      config       0000
__Hconst                       const        0000
__HcstackCOMRAM                cstackCOMRAM 0000
__Hdata                        data         0000
__HdataBANK0                   dataBANK0    0000
__HdataCOMRAM                  dataCOMRAM   0000
__Heeprom_data                 eeprom_data  0000
__Hfarbss                      farbss       0000
__Hfardata                     fardata      0000
__Hheap                        heap         0000
__Hibigdata                    ibigdata     0000
__Hidata                       idata        0000
__HidataBANK0                  idataBANK0   0000
__HidataCOMRAM                 idataCOMRAM  0000
__Hidloc                       idloc        0000
__Hifardata                    ifardata     0000
__Hinit                        init         0004
__Hintcode                     intcode      0000
__Hintcode_body                intcode_body 0000
__Hintcodelo                   intcodelo    0000
__Hintentry                    intentry     0000
__Hintret                      intret       0000
__Hintsave_regs                intsave_regs 0000
__Hirdata                      irdata       0000
__Hmediumconst                 mediumconst  3000
__HnvFARRAM                    nvFARRAM     0000
__Hnvbit                       nvbit        0000
__Hnvrram                      nvrram       0000
__Hparam                       rparam       0000
__Hpowerup                     powerup      0000
__Hram                         ram          0000
__Hramtop                      ramtop       0600
__Hrbit                        rbit         0000
__Hrbss                        rbss         0000
__Hrdata                       rdata        0000
__Hreset_vec                   reset_vec    0000
__Hrparam                      rparam       0000
__Hsfr                         sfr          0000
__Hsmallconst                  smallconst   0000
__Hspace_0                     (abs)        3000
__Hspace_1                     (abs)        008B
__Hspace_2                     (abs)        0000
__Hspace_4                     (abs)        0000
__Hstack                       stack        0000
__Hstruct                      struct       0000
__Htemp                        temp         0000
__Htext                        text         0000
__Htext0                       text0        0000
__Htext1                       text1        0000
__Htext10                      text10       0000
__Htext11                      text11       0000
__Htext12                      text12       0000
__Htext13                      text13       0000
__Htext14                      text14       0000
__Htext15                      text15       0000
__Htext16                      text16       0000
__Htext17                      text17       0000
__Htext18                      text18       0000
__Htext19                      text19       0000
__Htext2                       text2        0000
__Htext20                      text20       0000
__Htext21                      text21       0000
__Htext22                      text22       0000
__Htext23                      text23       0000
__Htext24                      text24       0000
__Htext25                      text25       0000
__Htext26                      text26       0000
__Htext27                      text27       0000
__Htext28                      text28       0000
__Htext29                      text29       0000
__Htext3                       text3        0000
__Htext30                      text30       0000
__Htext31                      text31       0000
__Htext32                      text32       0000
__Htext33                      text33       0000
__Htext34                      text34       0000
__Htext35                      text35       0000
__Htext36                      text36       0000
__Htext37                      text37       0000
__Htext38                      text38       0000
__Htext39                      text39       0000
__Htext4                       text4        0000
__Htext40                      text40       0000
__Htext41                      text41       0000
__Htext42                      text42       0000
__Htext43                      text43       0000
__Htext44                      text44       0000
__Htext45                      text45       0000
__Htext46                      text46       0000
__Htext5                       text5        0000
__Htext6                       text6        0000
__Htext7                       text7        0000
__Htext8                       text8        0000
__Htext9                       text9        0000
__LRAM                         (abs)        0001
__L__absolute__                __absolute__ 0000
__Labs1                        abs1         0000
__Lbank0                       bank0        0000
__Lbank1                       bank1        0000
__Lbank2                       bank2        0000
__Lbank3                       bank3        0000
__Lbank4                       bank4        0000
__Lbank5                       bank5        0000
__Lbigbss                      bigbss       0000
__Lbigdata                     bigdata      0000
__Lbigram                      bigram       0000
__Lbigsfr                      bigsfr       0000
__Lbss                         bss          0000
__LbssBANK0                    bssBANK0     0000
__LbssCOMRAM                   bssCOMRAM    0000
__Lcinit                       cinit        0000
__Lclrtext                     clrtext      0000
__Lcomram                      comram       0000
__Lconfig                      config       0000
__Lconst                       const        0000
__LcstackCOMRAM                cstackCOMRAM 0000
__Ldata                        data         0000
__LdataBANK0                   dataBANK0    0000
__LdataCOMRAM                  dataCOMRAM   0000
__Leeprom_data                 eeprom_data  0000
__Lfarbss                      farbss       0000
__Lfardata                     fardata      0000
__Lheap                        heap         0000
__Libigdata                    ibigdata     0000
__Lidata                       idata        0000
__LidataBANK0                  idataBANK0   0000
__LidataCOMRAM                 idataCOMRAM  0000
__Lidloc                       idloc        0000
__Lifardata                    ifardata     0000
__Linit                        init         0000
__Lintcode                     intcode      0000
__Lintcode_body                intcode_body 0000
__Lintcodelo                   intcodelo    0000
__Lintentry                    intentry     0000
__Lintret                      intret       0000
__Lintsave_regs                intsave_regs 0000
__Lirdata                      irdata       0000
__Lmediumconst                 mediumconst  2EDA
__LnvFARRAM                    nvFARRAM     0000
__Lnvbit                       nvbit        0000
__Lnvrram                      nvrram       0000
__Lparam                       rparam       0000
__Lpowerup                     powerup      0000
__Lram                         ram          0000
__Lramtop                      ramtop       0600
__Lrbit                        rbit         0000
__Lrbss                        rbss         0000
__Lrdata                       rdata        0000
__Lreset_vec                   reset_vec    0000
__Lrparam                      rparam       0000
__Lsfr                         sfr          0000
__Lsmallconst                  smallconst   0000
__Lspace_0                     (abs)        0000
__Lspace_1                     (abs)        0000
__Lspace_2                     (abs)        0000
__Lspace_4                     (abs)        0000
__Lstack                       stack        0000
__Lstruct                      struct       0000
__Ltemp                        temp         0000
__Ltext                        text         0000
__Ltext0                       text0        0000
__Ltext1                       text1        0000
__Ltext10                      text10       0000
__Ltext11                      text11       0000
__Ltext12                      text12       0000
__Ltext13                      text13       0000
__Ltext14                      text14       0000
__Ltext15                      text15       0000
__Ltext16                      text16       0000
__Ltext17                      text17       0000
__Ltext18                      text18       0000
__Ltext19                      text19       0000
__Ltext2                       text2        0000
__Ltext20                      text20       0000
__Ltext21                      text21       0000
__Ltext22                      text22       0000
__Ltext23                      text23       0000
__Ltext24                      text24       0000
__Ltext25                      text25       0000
__Ltext26                      text26       0000
__Ltext27                      text27       0000
__Ltext28                      text28       0000
__Ltext29                      text29       0000
__Ltext3                       text3        0000
__Ltext30                      text30       0000
__Ltext31                      text31       0000
__Ltext32                      text32       0000
__Ltext33                      text33       0000
__Ltext34                      text34       0000
__Ltext35                      text35       0000
__Ltext36                      text36       0000
__Ltext37                      text37       0000
__Ltext38                      text38       0000
__Ltext39                      text39       0000
__Ltext4                       text4        0000
__Ltext40                      text40       0000
__Ltext41                      text41       0000
__Ltext42                      text42       0000
__Ltext43                      text43       0000
__Ltext44                      text44       0000
__Ltext45                      text45       0000
__Ltext46                      text46       0000
__Ltext5                       text5        0000
__Ltext6                       text6        0000
__Ltext7                       text7        0000
__Ltext8                       text8        0000
__Ltext9                       text9        0000
__S0                           (abs)        3000
__S1                           (abs)        008B
__S4                           (abs)        0000
__S5                           (abs)        0000
___awdiv                       text15       1978
___awdiv@counter               cstackCOMRAM 0005
___awdiv@dividend              cstackCOMRAM 0001
___awdiv@divisor               cstackCOMRAM 0003
___awdiv@quotient              cstackCOMRAM 0007
___awdiv@sign                  cstackCOMRAM 0006
___awmod                       text14       1890
___awmod@counter               cstackCOMRAM 0005
___awmod@dividend              cstackCOMRAM 0001
___awmod@divisor               cstackCOMRAM 0003
___awmod@sign                  cstackCOMRAM 0006
___ftdiv                       text30       1DB4
___ftdiv@cntr                  cstackCOMRAM 0015
___ftdiv@exp                   cstackCOMRAM 0019
___ftdiv@f1                    cstackCOMRAM 000C
___ftdiv@f2                    cstackCOMRAM 000F
___ftdiv@f3                    cstackCOMRAM 0016
___ftdiv@sign                  cstackCOMRAM 001A
___ftmul                       text29       1E9A
___ftmul@cntr                  cstackCOMRAM 0028
___ftmul@exp                   cstackCOMRAM 0024
___ftmul@f1                    cstackCOMRAM 001B
___ftmul@f2                    cstackCOMRAM 001E
___ftmul@f3_as_product         cstackCOMRAM 0025
___ftmul@sign                  cstackCOMRAM 0029
___ftpack                      text31       1A98
___ftpack@arg                  cstackCOMRAM 0001
___ftpack@exp                  cstackCOMRAM 0004
___ftpack@sign                 cstackCOMRAM 0005
___fttol                       text28       1C02
___fttol@exp1                  cstackCOMRAM 0038
___fttol@f1                    cstackCOMRAM 002A
___fttol@lval                  cstackCOMRAM 0034
___fttol@sign1                 cstackCOMRAM 0033
___heap_hi                     (abs)        0000
___heap_lo                     (abs)        0000
___inthi_sp                    stack        0000
___intlo_sp                    stack        0000
___lwdiv                       text27       1720
___lwdiv@counter               cstackCOMRAM 0007
___lwdiv@dividend              cstackCOMRAM 0001
___lwdiv@divisor               cstackCOMRAM 0003
___lwdiv@quotient              cstackCOMRAM 0005
___lwmod                       text26       1654
___lwmod@counter               cstackCOMRAM 0005
___lwmod@dividend              cstackCOMRAM 0001
___lwmod@divisor               cstackCOMRAM 0003
___lwtoft                      text25       1454
___lwtoft@c                    cstackCOMRAM 0009
___param_bank                  (abs)        0000
___rparam_used                 (abs)        0001
___sp                          stack        0000
__accesstop                    (abs)        0060
__activetblptr                 (abs)        0002
__end_of___awdiv               text15       19FC
__end_of___awmod               text14       1900
__end_of___ftdiv               text30       1E9A
__end_of___ftmul               text29       1F8E
__end_of___ftpack              text31       1B46
__end_of___fttol               text28       1CD4
__end_of___lwdiv               text27       1772
__end_of___lwmod               text26       1696
__end_of___lwtoft              text25       1478
__end_of__initialization       cinit        1886
__end_of_change_password       text18       27C8
__end_of_clcd_print            text45       182E
__end_of_clcd_putch            text44       1416
__end_of_clcd_write            text46       14A0
__end_of_delay                 text20       15D8
__end_of_get_password          text32       25AA
__end_of_get_speed             text23       1A98
__end_of_get_time              text21       17CE
__end_of_go_to_menu            text8        2AE0
__end_of_i2c_idle              text42       137E
__end_of_i2c_no_ack            text43       136E
__end_of_i2c_read              text40       13AA
__end_of_i2c_rep_start         text39       138E
__end_of_i2c_rx_mode           text41       1386
__end_of_i2c_start             text38       1396
__end_of_i2c_stop              text37       139E
__end_of_i2c_write             text36       13B6
__end_of_init_adc              text7        1454
__end_of_init_clcd             text6        1560
__end_of_init_config           text1        16D8
__end_of_init_ds1307           text5        1720
__end_of_init_i2c              text4        13FE
__end_of_init_matrix_keypad    text3        13D4
__end_of_init_uart             text2        1654
__end_of_main                  text0        21D0
__end_of_print_log_to_clcd     text10       209A
__end_of_print_to_console      text16       1C02
__end_of_putch                 text17       13C2
__end_of_read_adc              text24       159C
__end_of_read_ds1307           text22       14F4
__end_of_read_external_eeprom  text35       14CA
__end_of_read_switches         text33       1616
__end_of_scan_key              text34       1978
__end_of_set_time              text12       2EDA
__end_of_store_key_log         text11       23BA
__end_of_view_log              text9        1DB4
__end_of_write_ds1307          text13       1434
__end_of_write_external_eeprom text19       152A
__initialization               cinit        182E
__mediumconst                  mediumconst  2EDA
__pbssBANK0                    bssBANK0     0060
__pbssCOMRAM                   bssCOMRAM    003B
__pcinit                       cinit        182E
__pcstackCOMRAM                cstackCOMRAM 0001
__pdataBANK0                   dataBANK0    0078
__pdataCOMRAM                  dataCOMRAM   0058
__pidataBANK0                  idataBANK0   13D5
__pidataCOMRAM                 idataCOMRAM  136F
__pmediumconst                 mediumconst  2EDA
__ptext0                       text0        209A
__ptext1                       text1        1696
__ptext10                      text10       1F8E
__ptext11                      text11       21D0
__ptext12                      text12       2AE0
__ptext13                      text13       1416
__ptext14                      text14       1890
__ptext15                      text15       1978
__ptext16                      text16       1B46
__ptext17                      text17       13B6
__ptext18                      text18       25AA
__ptext19                      text19       14F4
__ptext2                       text2        1616
__ptext20                      text20       159C
__ptext21                      text21       1772
__ptext22                      text22       14CA
__ptext23                      text23       19FC
__ptext24                      text24       1560
__ptext25                      text25       1454
__ptext26                      text26       1654
__ptext27                      text27       1720
__ptext28                      text28       1C02
__ptext29                      text29       1E9A
__ptext3                       text3        13C2
__ptext30                      text30       1DB4
__ptext31                      text31       1A98
__ptext32                      text32       23BA
__ptext33                      text33       15D8
__ptext34                      text34       1900
__ptext35                      text35       14A0
__ptext36                      text36       13AA
__ptext37                      text37       1396
__ptext38                      text38       138E
__ptext39                      text39       1386
__ptext4                       text4        13E8
__ptext40                      text40       139E
__ptext41                      text41       137E
__ptext42                      text42       1376
__ptext43                      text43       1368
__ptext44                      text44       13FE
__ptext45                      text45       17CE
__ptext46                      text46       1478
__ptext5                       text5        16D8
__ptext6                       text6        152A
__ptext7                       text7        1434
__ptext8                       text8        27C8
__ptext9                       text9        1CD4
__ramtop                       ramtop       0600
__smallconst                   smallconst   0000
_change_password               text18       25AA
_clcd_print                    text45       17CE
_clcd_putch                    text44       13FE
_clcd_write                    text46       1478
_delay                         text20       159C
_gear                          dataCOMRAM   0058
_gear_iter                     bssCOMRAM    0045
_get_password                  text32       23BA
_get_speed                     text23       19FC
_get_time                      text21       1772
_go_to_menu                    text8        27C8
_i2c_idle                      text42       1376
_i2c_no_ack                    text43       1368
_i2c_read                      text40       139E
_i2c_rep_start                 text39       1386
_i2c_rx_mode                   text41       137E
_i2c_start                     text38       138E
_i2c_stop                      text37       1396
_i2c_write                     text36       13AA
_init_adc                      text7        1434
_init_clcd                     text6        152A
_init_config                   text1        1696
_init_ds1307                   text5        16D8
_init_i2c                      text4        13E8
_init_matrix_keypad            text3        13C2
_init_uart                     text2        1616
_log_iter                      bssCOMRAM    0047
_log_total_saved               bssCOMRAM    0049
_main                          text0        209A
_print_log_to_clcd             text10       1F8E
_print_to_console              text16       1B46
_putch                         text17       13B6
_read_adc                      text24       1560
_read_ds1307                   text22       14CA
_read_external_eeprom          text35       14A0
_read_switches                 text33       15D8
_scan_key                      text34       1900
_set_time                      text12       2AE0
_speed                         bssCOMRAM    0055
_store_key_log                 text11       21D0
_time                          bssCOMRAM    004C
_view_log                      text9        1CD4
_write_ds1307                  text13       1416
_write_external_eeprom         text19       14F4
change_password@confirm        cstackCOMRAM 000A
change_password@exit_flag      cstackCOMRAM 0014
change_password@i              cstackCOMRAM 001B
change_password@j              cstackCOMRAM 0017
change_password@j_615          cstackCOMRAM 0019
change_password@j_620          cstackCOMRAM 0015
change_password@password       cstackCOMRAM 0010
change_password@wait           cstackCOMRAM 000E
clcd_print@addr                cstackCOMRAM 0005
clcd_print@data                cstackCOMRAM 0003
clcd_putch@addr                cstackCOMRAM 0004
clcd_putch@data                cstackCOMRAM 0005
clcd_write@byte                cstackCOMRAM 0002
clcd_write@control_bit         cstackCOMRAM 0001
delay@i                        cstackCOMRAM 0006
delay@ms                       cstackCOMRAM 0001
delay@wait                     cstackCOMRAM 0004
end_of_initialization          cinit        1886
get_password@count             cstackCOMRAM 0012
get_password@delay             cstackCOMRAM 000C
get_password@entered_password  cstackCOMRAM 0008
get_password@i                 cstackCOMRAM 001B
get_password@j                 cstackCOMRAM 0019
get_password@key_pressed       cstackCOMRAM 0014
get_password@p                 cstackCOMRAM 0017
get_password@total_attempts    cstackCOMRAM 0015
get_password@wait              cstackCOMRAM 000E
get_password@wait_603          cstackCOMRAM 0010
get_speed@adc_reg_val          cstackCOMRAM 0039
get_time@clock_reg             bssCOMRAM    0042
go_to_menu@F10378              dataBANK0    0078
go_to_menu@exit_flag           cstackCOMRAM 002E
go_to_menu@i                   cstackCOMRAM 0034
go_to_menu@i_178               cstackCOMRAM 0030
go_to_menu@menu                cstackCOMRAM 0024
go_to_menu@pos                 cstackCOMRAM 0032
i2c_write@data                 cstackCOMRAM 0001
init_ds1307@dummy              cstackCOMRAM 000B
intlevel0                      text         0000
intlevel1                      text         0000
intlevel2                      text         0000
intlevel3                      text         0000
isa$std                        (abs)        0001
isa$xinst                      (abs)        0000
print_log_to_clcd@LINE         cstackCOMRAM 0007
print_log_to_clcd@iter         cstackCOMRAM 0006
print_to_console@iter          cstackCOMRAM 0004
putch@byte                     cstackCOMRAM 0001
read_adc@channel               cstackCOMRAM 0007
read_adc@reg_val               cstackCOMRAM 0005
read_ds1307@address            cstackCOMRAM 0002
read_ds1307@data               cstackCOMRAM 0003
read_external_eeprom@address   cstackCOMRAM 0002
read_external_eeprom@data      cstackCOMRAM 0003
read_switches@detection_type   cstackCOMRAM 0001
read_switches@key              bssCOMRAM    004B
read_switches@once             dataCOMRAM   005E
set_time@F10422                dataBANK0    0082
set_time@blinker               cstackCOMRAM 000D
set_time@clock_reg             bssCOMRAM    003F
set_time@dummy                 cstackCOMRAM 0019
set_time@exit_flag             cstackCOMRAM 0018
set_time@field_select          cstackCOMRAM 001A
set_time@hour                  cstackCOMRAM 001C
set_time@min                   cstackCOMRAM 001E
set_time@seconds               cstackCOMRAM 0020
set_time@time_buffer           cstackCOMRAM 000F
stackhi                        (abs)        0000
stacklo                        (abs)        0000
start                          init         0000
start_initialization           cinit        182E
store_key_log@gear             cstackCOMRAM 0007
view_log@exit_flag             cstackCOMRAM 0019
view_log@i                     cstackCOMRAM 001B
view_log@string                cstackCOMRAM 0009
write_ds1307@address           cstackCOMRAM 000A
write_ds1307@data              cstackCOMRAM 0009
write_external_eeprom@address  cstackCOMRAM 0005
write_external_eeprom@data     cstackCOMRAM 0002
write_external_eeprom@wait     cstackCOMRAM 0003


MODULE INFORMATION

Module		Function		Class		Link	Load	Size
C:\Program Files\Microchip\xc8\v2.41\pic\sources\c90\common\ftmul.c
		___ftmul       		CODE           	1E9A	0000	244

C:\Program Files\Microchip\xc8\v2.41\pic\sources\c90\common\ftmul.c estimated size: 244

matrix_keypad.c
		_init_matrix_keypad		CODE           	13C2	0000	18
		_read_switches 		CODE           	15D8	0000	62
		_scan_key      		CODE           	1900	0000	120

matrix_keypad.c estimated size: 200

C:\Program Files\Microchip\xc8\v2.41\pic\sources\c90\common\ftdiv.c
		___ftdiv       		CODE           	1DB4	0000	230

C:\Program Files\Microchip\xc8\v2.41\pic\sources\c90\common\ftdiv.c estimated size: 230

uart.c
		_putch         		CODE           	13B6	0000	12
		_init_uart     		CODE           	1616	0000	62

uart.c estimated size: 74

C:\Program Files\Microchip\xc8\v2.41\pic\sources\c90\common\lwdiv.c
		___lwdiv       		CODE           	1720	0000	82

C:\Program Files\Microchip\xc8\v2.41\pic\sources\c90\common\lwdiv.c estimated size: 82

C:\Program Files\Microchip\xc8\v2.41\pic\sources\c90\common\awdiv.c
		___awdiv       		CODE           	1978	0000	132

C:\Program Files\Microchip\xc8\v2.41\pic\sources\c90\common\awdiv.c estimated size: 132

i2c.c
		_i2c_start     		CODE           	138E	0000	8
		_i2c_no_ack    		CODE           	1368	0000	6
		_i2c_rep_start 		CODE           	1386	0000	8
		_i2c_idle      		CODE           	1376	0000	8
		_i2c_write     		CODE           	13AA	0000	12
		_i2c_stop      		CODE           	1396	0000	8
		_i2c_read      		CODE           	139E	0000	12
		_init_i2c      		CODE           	13E8	0000	22
		_i2c_rx_mode   		CODE           	137E	0000	8

i2c.c estimated size: 92

functions.c
		_view_log      		CODE           	1CD4	0000	224
		_store_key_log 		CODE           	21D0	0000	490
		_print_to_console		CODE           	1B46	0000	188
		_get_password  		CODE           	23BA	0000	496
		_change_password		CODE           	25AA	0000	542
		_print_log_to_clcd		CODE           	1F8E	0000	268

functions.c estimated size: 2208

C:\Program Files\Microchip\xc8\v2.41\pic\sources\c90\common\fttol.c
		___fttol       		CODE           	1C02	0000	210

C:\Program Files\Microchip\xc8\v2.41\pic\sources\c90\common\fttol.c estimated size: 210

ds1307.c
		_read_ds1307   		CODE           	14CA	0000	42
		_write_ds1307  		CODE           	1416	0000	30
		_init_ds1307   		CODE           	16D8	0000	72

ds1307.c estimated size: 144

eeprom.c
		_write_external_eeprom		CODE           	14F4	0000	54
		_read_external_eeprom		CODE           	14A0	0000	42

eeprom.c estimated size: 96

adc.c
		_init_adc      		CODE           	1434	0000	32
		_read_adc      		CODE           	1560	0000	60

adc.c estimated size: 92

shared
		__initialization		CODE           	182E	0000	88

shared estimated size: 88

clcd.c
		_clcd_write    		CODE           	1478	0000	40
		_clcd_print    		CODE           	17CE	0000	96
		_clcd_putch    		CODE           	13FE	0000	24
		_init_clcd     		CODE           	152A	0000	54

clcd.c estimated size: 214

menu.c
		_go_to_menu    		CODE           	27C8	0000	792

menu.c estimated size: 792

C:\Program Files\Microchip\xc8\v2.41\pic\sources\c90\common\float.c
		___ftpack      		CODE           	1A98	0000	174

C:\Program Files\Microchip\xc8\v2.41\pic\sources\c90\common\float.c estimated size: 174

C:\Program Files\Microchip\xc8\v2.41\pic\sources\c90\common\lwmod.c
		___lwmod       		CODE           	1654	0000	66

C:\Program Files\Microchip\xc8\v2.41\pic\sources\c90\common\lwmod.c estimated size: 66

C:\Program Files\Microchip\xc8\v2.41\pic\sources\c90\common\awmod.c
		___awmod       		CODE           	1890	0000	112

C:\Program Files\Microchip\xc8\v2.41\pic\sources\c90\common\awmod.c estimated size: 112

C:\Program Files\Microchip\xc8\v2.41\pic\sources\c90\common\lwtoft.c
		___lwtoft      		CODE           	1454	0000	36

C:\Program Files\Microchip\xc8\v2.41\pic\sources\c90\common\lwtoft.c estimated size: 36

main.c
		_delay         		CODE           	159C	0000	60
		_main          		CODE           	209A	0000	310
		_get_speed     		CODE           	19FC	0000	156
		_get_time      		CODE           	1772	0000	92
		_set_time      		CODE           	2AE0	0000	1018
		_init_config   		CODE           	1696	0000	66

main.c estimated size: 1702

